main.c:111:10:GetSize_LUT	48	static
main.c:122:10:GetTriggerPeriod_ADC	40	static
main.c:132:6:CreateTxStr_UART	40	static
main.c:138:6:GenerateBiphasicPulse_LUT	56	static
main.c:163:6:GenerateConstCurrent	32	static
main.c:172:6:HAL_ADC_ConvCpltCallback	16	static
main.c:187:5:main	24	static
main.c:250:6:SystemClock_Config	128	static
main.c:299:13:MX_ADC_Init	16	static
main.c:361:13:MX_DAC_Init	16	static
main.c:401:13:MX_TIM2_Init	32	static
main.c:447:13:MX_USART2_UART_Init	8	static
main.c:480:13:MX_DMA_Init	16	static
main.c:501:13:MX_GPIO_Init	48	static
main.c:536:6:Error_Handler	8	static,ignoring_inline_asm
