core_cm0plus.h:741:22:__NVIC_EnableIRQ	16	static
core_cm0plus.h:848:22:__NVIC_SetPriority	24	static
main.c:113:10:GetSize_LUT	48	static
main.c:126:6:GenerateBiphasicPulse_LUT	56	static
main.c:151:6:GenerateConstCurrent	32	static
main.c:160:6:HAL_ADC_ConvCpltCallback	16	static
main.c:182:5:main	24	static
main.c:246:6:SystemClock_Config	128	static
main.c:295:13:MX_ADC_Init	16	static
main.c:363:13:MX_DAC_Init	16	static
main.c:403:13:MX_TIM2_Init	32	static
main.c:449:13:MX_USART2_UART_Init	8	static
main.c:482:13:MX_DMA_Init	16	static
main.c:503:13:MX_GPIO_Init	48	static
main.c:538:6:Error_Handler	8	static,ignoring_inline_asm
