stm32l0xx_hal_msp.c:67:6:HAL_MspInit	8	static
stm32l0xx_hal_msp.c:93:6:HAL_ADC_MspInit	56	static
stm32l0xx_hal_msp.c:155:6:HAL_ADC_MspDeInit	16	static
stm32l0xx_hal_msp.c:192:6:HAL_DAC_MspInit	48	static
stm32l0xx_hal_msp.c:243:6:HAL_DAC_MspDeInit	16	static
stm32l0xx_hal_msp.c:273:6:HAL_I2C_MspInit	56	static
stm32l0xx_hal_msp.c:343:6:HAL_I2C_MspDeInit	16	static
stm32l0xx_hal_msp.c:396:6:HAL_SPI_MspInit	64	static
stm32l0xx_hal_msp.c:474:6:HAL_SPI_MspDeInit	16	static
stm32l0xx_hal_msp.c:527:6:HAL_TIM_Base_MspInit	16	static
stm32l0xx_hal_msp.c:549:6:HAL_TIM_Base_MspDeInit	16	static
stm32l0xx_hal_msp.c:571:6:HAL_UART_MspInit	48	static
stm32l0xx_hal_msp.c:607:6:HAL_UART_MspDeInit	16	static
